// Jest Snapshot v1, https://goo.gl/fbAQLP

exports[`Render form should render correctly 1`] = `
<body>
  <div>
    <div
      id="portal-root"
    >
      <form
        class="createUserForm"
        name="form"
      >
        <div
          class="inputContainer"
        >
          <input
            name="firstname"
            placeholder="First Name"
          />
          <p />
        </div>
        <div
          class="inputContainer"
        >
          <input
            name="lastname"
            placeholder="Last Name"
          />
          <p />
        </div>
        <div
          class="inputContainer"
        >
          <input
            data-testid="email-input-field"
            name="email"
            placeholder="Email"
            type="email"
          />
          <p />
        </div>
        <div
          class="inputContainer"
        >
          <input
            max="2022-11-29"
            min="1900-01-01"
            name="birthDate"
            placeholder="Date of birth"
            type="date"
          />
          <p />
        </div>
        <button
          aria-label="Create user"
          class="button"
          name="Save"
          type="submit"
        >
          <span
            class="buttonText"
          >
            Save
          </span>
        </button>
      </form>
    </div>
  </div>
</body>
`;
